ets Jun  8 2016 00:22:57

rst:0x1 (POWERON_RESET),boot:0x13 (SPI_FAST_FLASH_BOOT)
configsip: 0, SPIWP:0xee
clk_drv:0x00,q_drv:0x00,d_drv:0x00,cs0_drv:0x00,hd_drv:0x00,wp_drv:0x00
mode:DIO, clock div:2
load:0x3fff0030,len:7176
load:0x40078000,len:15564
ho 0 tail 12 room 4
load:0x40080400,len:4
load:0x40080404,len:3904
entry 0x40080640
[0;32mI (31) boot: ESP-IDF v5.3.2 2nd stage bootloader[0m
[0;32mI (31) boot: compile time Dec 14 2024 23:37:19[0m
[0;32mI (31) boot: Multicore bootloader[0m
[0;32mI (35) boot: chip revision: v1.0[0m
[0;32mI (39) boot.esp32: SPI Speed      : 40MHz[0m
[0;32mI (43) boot.esp32: SPI Mode       : DIO[0m
[0;32mI (48) boot.esp32: SPI Flash Size : 2MB[0m
[0;32mI (53) boot: Enabling RNG early entropy source...[0m
[0;32mI (58) boot: Partition Table:[0m
[0;32mI (61) boot: ## Label            Usage          Type ST Offset   Length[0m
[0;32mI (69) boot:  0 nvs              WiFi data        01 02 00009000 00006000[0m
[0;32mI (76) boot:  1 phy_init         RF data          01 01 0000f000 00001000[0m
[0;32mI (84) boot:  2 factory          factory app      00 00 00010000 00100000[0m
[0;32mI (91) boot: End of partition table[0m
[0;32mI (95) esp_image: segment 0: paddr=00010020 vaddr=3f400020 size=09108h ( 37128) map[0m
[0;32mI (117) esp_image: segment 1: paddr=00019130 vaddr=3ffb0000 size=02350h (  9040) load[0m
[0;32mI (120) esp_image: segment 2: paddr=0001b488 vaddr=40080000 size=04b90h ( 19344) load[0m
[0;32mI (131) esp_image: segment 3: paddr=00020020 vaddr=400d0020 size=13990h ( 80272) map[0m
[0;32mI (159) esp_image: segment 4: paddr=000339b8 vaddr=40084b90 size=07e54h ( 32340) load[0m
[0;32mI (178) boot: Loaded app from partition at offset 0x10000[0m
[0;32mI (178) boot: Disabling RNG early entropy source...[0m
[0;32mI (191) cpu_start: Multicore app[0m
[0;32mI (199) cpu_start: Pro cpu start user code[0m
[0;32mI (199) cpu_start: cpu freq: 160000000 Hz[0m
[0;32mI (199) app_init: Application information:[0m
[0;32mI (202) app_init: Project name:     unit_test_test[0m
[0;32mI (207) app_init: App version:      e3f59ef-dirty[0m
[0;32mI (213) app_init: Compile time:     Dec 14 2024 23:37:06[0m
[0;32mI (219) app_init: ELF file SHA256:  7b1966fdd...[0m
[0;32mI (224) app_init: ESP-IDF:          v5.3.2[0m
[0;32mI (229) efuse_init: Min chip rev:     v0.0[0m
[0;32mI (234) efuse_init: Max chip rev:     v3.99 [0m
[0;32mI (239) efuse_init: Chip rev:         v1.0[0m
[0;32mI (244) heap_init: Initializing. RAM available for dynamic allocation:[0m
[0;32mI (251) heap_init: At 3FFAE6E0 len 00001920 (6 KiB): DRAM[0m
[0;32mI (257) heap_init: At 3FFB2CC0 len 0002D340 (180 KiB): DRAM[0m
[0;32mI (263) heap_init: At 3FFE0440 len 00003AE0 (14 KiB): D/IRAM[0m
[0;32mI (269) heap_init: At 3FFE4350 len 0001BCB0 (111 KiB): D/IRAM[0m
[0;32mI (276) heap_init: At 4008C9E4 len 0001361C (77 KiB): IRAM[0m
[0;32mI (283) spi_flash: detected chip: generic[0m
[0;32mI (287) spi_flash: flash io: dio[0m
[0;33mW (290) spi_flash: Detected size(4096k) larger than the size in the binary image header(2048k). Using the size in the binary image header.[0m
[0;32mI (304) main_task: Started on CPU0[0m
[0;32mI (314) main_task: Calling app_main()[0m

#### Executing one test by its name #####

Running Mean of an empty array is zero...
D:/dev/MicroControllers/ESP32-dollops/unit_test/components/testable/test/test_mean.c:16:Mean of an empty array is zero:PASS

-----------------------
1 Tests 0 Failures 0 Ignored 
OK

#### Running tests with [mean] tag #####

Running tests matching '[mean]'...
Running Mean of an empty array is zero...
D:/dev/MicroControllers/ESP32-dollops/unit_test/components/testable/test/test_mean.c:16:Mean of an empty array is zero:PASS
Running Mean of a test vector...
D:/dev/MicroControllers/ESP32-dollops/unit_test/components/testable/test/test_mean.c:22:Mean of a test vector:PASS
Running Another test case which fails...
D:/dev/MicroControllers/ESP32-dollops/unit_test/components/testable/test/test_mean.c:35:Another test case which fails:FAIL: Expected 2147483647 Was -1. Function [mean][fails]

-----------------------
3 Tests 1 Failures 0 Ignored 
FAIL

#### Running tests without [fails] tag #####

Running tests NOT matching '[fails]'...
Running Mean of an empty array is zero...
D:/dev/MicroControllers/ESP32-dollops/unit_test/components/testable/test/test_mean.c:16:Mean of an empty array is zero:PASS
Running Mean of a test vector...
D:/dev/MicroControllers/ESP32-dollops/unit_test/components/testable/test/test_mean.c:22:Mean of a test vector:PASS

-----------------------
2 Tests 0 Failures 0 Ignored 
OK

#### Running all the registered tests #####

Running Mean of an empty array is zero...
D:/dev/MicroControllers/ESP32-dollops/unit_test/components/testable/test/test_mean.c:16:Mean of an empty array is zero:PASS
Running Mean of a test vector...
D:/dev/MicroControllers/ESP32-dollops/unit_test/components/testable/test/test_mean.c:22:Mean of a test vector:PASS
Running Another test case which fails...
D:/dev/MicroControllers/ESP32-dollops/unit_test/components/testable/test/test_mean.c:35:Another test case which fails:FAIL: Expected 2147483647 Was -1. Function [mean][fails]

-----------------------
3 Tests 1 Failures 0 Ignored 
FAIL

#### Starting interactive test menu #####



Press ENTER to see the list of tests.



Here's the test menu, pick your combo:
(1)	"Mean of an empty array is zero" [mean]
(2)	"Mean of a test vector" [mean]
(3)	"Another test case which fails" [mean][fails]

Enter test for running.
1
Running Mean of an empty array is zero...
D:/dev/MicroControllers/ESP32-dollops/unit_test/components/testable/test/test_mean.c:16:Mean of an empty array is zero:PASS
Test ran in 16ms

-----------------------
1 Tests 0 Failures 0 Ignored 
OK
Enter next test, or 'enter' to see menu
2
Running Mean of a test vector...
D:/dev/MicroControllers/ESP32-dollops/unit_test/components/testable/test/test_mean.c:22:Mean of a test vector:PASS
Test ran in 15ms

-----------------------
1 Tests 0 Failures 0 Ignored 
OK
Enter next test, or 'enter' to see menu
3
Running Another test case which fails...
D:/dev/MicroControllers/ESP32-dollops/unit_test/components/testable/test/test_mean.c:35:Another test case which fails:FAIL: Expected 2147483647 Was -1. Function [mean][fails]
Test ran in 23ms

-----------------------
1 Tests 1 Failures 0 Ignored 
FAIL
Enter next test, or 'enter' to see menu
] 